
========================================================================
【本次运行命令】
run_mdt_seg.py --root /root/autodl-tmp/data/PCLT20K --backbone mit_b3 --use_cmx True --use_fsf_deep True --cipa_aligned True --epochs 100 --batch_size 8 --early_stop_patience 20 --random_state 2024 --num_workers 4 --pretrained_backbone True --pretrained_path pretrained/mit-b3 --teacher_decoder mlp --fdmf_loss_scale 3
========================================================================

数据根目录: /root/autodl-tmp/data/PCLT20K
use_cmx (浅层 FSF): True
[优化] 优化器=adamw lr=0.0001 weight_decay=0.0005
       学习率调度: 每个 optimizer step 余弦退火 (warmup_epochs=2, min_lr=1e-06)
[损失] adaptive_seg_loss=False | eval_threshold=0.5 | threshold_search=False
[数据] aug_strong=False | teacher_decoder=mlp | fpn_dropout=0.0
使用 GPU: [0]
============================================================
[CIPA对齐模式] train.txt 全量训练，test.txt 做 early stop / 测试
============================================================
[CIPA对齐] 训练(complete配对): 17416  测试/验证: 4514
  ← 对比 CIPA: train.txt 全量用于训练, test.txt 既做 early stop 也是最终报告
[seg_backbone] 已从本地加载 MiT: pretrained/mit-b3
[seg_backbone] 已从本地加载 MiT: pretrained/mit-b3
[INFO] Register count_convNd() for <class 'torch.nn.modules.conv.Conv2d'>.
[INFO] Register count_normalization() for <class 'torch.nn.modules.normalization.LayerNorm'>.
[INFO] Register count_linear() for <class 'torch.nn.modules.linear.Linear'>.
[INFO] Register zero_ops() for <class 'torch.nn.modules.dropout.Dropout'>.
[INFO] Register count_normalization() for <class 'torch.nn.modules.batchnorm.BatchNorm2d'>.
[INFO] Register zero_ops() for <class 'torch.nn.modules.activation.ReLU'>.
[INFO] Register zero_ops() for <class 'torch.nn.modules.container.Sequential'>.
[教师] Params: 90.03M (FLOPs 需 thop: pip install thop)
[INFO] Register count_convNd() for <class 'torch.nn.modules.conv.Conv2d'>.
[INFO] Register count_normalization() for <class 'torch.nn.modules.normalization.LayerNorm'>.
[INFO] Register count_linear() for <class 'torch.nn.modules.linear.Linear'>.
[INFO] Register zero_ops() for <class 'torch.nn.modules.dropout.Dropout'>.
[INFO] Register count_normalization() for <class 'torch.nn.modules.batchnorm.BatchNorm2d'>.
[INFO] Register zero_ops() for <class 'torch.nn.modules.activation.ReLU'>.
[INFO] Register zero_ops() for <class 'torch.nn.modules.container.Sequential'>.

【configs.json 中 model_summary】
【教师】双流 CT+PET → 浅层 → 深层频域 FDMF → SegFormerMLP 解码（四尺度嵌入+融合，配 MiT）
  - Backbone×2: mit_b3（CT / PET 独立权重）
  - Projector 1×1: 256ch
  - 深层: MedicalFDMFPETCTFusion（ASD→ME→LFGF；频域高低分解与融合）
  - 浅层: FSF (FreqSpatialFusionBlock) ×3
  - 分割头 (mlp): out=256, dropout=0.0

【教师模型结构 — 仅频域解耦路径】
1) 双编码器 extractor_mri / extractor_pet（独立权重），多尺度 stage0~3。
2) 可选 Projector 1×1：最深层对齐到 hidden（默认 256）。
3) 浅层：use_cmx=True → FreqSpatialFusionBlock×3；False → CT+PET 逐尺度相加。
4) 深层：MedicalFDMFPETCTFusion（ASD→ME→LFGF），输出 fusion3；辅助损失见 alpha_fdmf_*。
5) 解码：teacher_decoder=unet（默认）或 fpn；fpn_dropout 为末端 Dropout2d。
6) 训练损失：alpha_seg * DiceBCE + FDMF 模态内/低频 MI 项（模块内缓存）。

/root/miniconda3/lib/python3.8/site-packages/timm/models/layers/__init__.py:49: FutureWarning: Importing from timm.models.layers is deprecated, please import via timm.layers
  warnings.warn(f"Importing from {__name__} is deprecated, please import via timm.layers", FutureWarning)
/root/miniconda3/lib/python3.8/site-packages/torchvision/datapoints/__init__.py:12: UserWarning: The torchvision.datapoints and torchvision.transforms.v2 namespaces are still Beta. While we do not expect major breaking changes, some APIs may still change according to user feedback. Please submit any feedback you may have in this issue: https://github.com/pytorch/vision/issues/6753, and you can also check out https://github.com/pytorch/vision/issues/7319 to learn more about the APIs that we suspect might involve future changes. You can silence this warning by calling torchvision.disable_beta_transforms_warning().
  warnings.warn(_BETA_TRANSFORMS_WARNING)
/root/miniconda3/lib/python3.8/site-packages/torchvision/transforms/v2/__init__.py:54: UserWarning: The torchvision.datapoints and torchvision.transforms.v2 namespaces are still Beta. While we do not expect major breaking changes, some APIs may still change according to user feedback. Please submit any feedback you may have in this issue: https://github.com/pytorch/vision/issues/6753, and you can also check out https://github.com/pytorch/vision/issues/7319 to learn more about the APIs that we suspect might involve future changes. You can silence this warning by calling torchvision.disable_beta_transforms_warning().
  warnings.warn(_BETA_TRANSFORMS_WARNING)
/root/miniconda3/lib/python3.8/site-packages/torch/_utils.py:776: UserWarning: TypedStorage is deprecated. It will be removed in the future and UntypedStorage will be the only storage class. This should only matter to you if you are using storages directly.  To access UntypedStorage directly, use tensor.untyped_storage() instead of tensor.storage()
  return self.fget.__get__(instance, owner)()
