nohup: ignoring input
usage: run_mdt_seg.py [-h] [--gpus GPUS [GPUS ...]] [--server SERVER]
                      [--num_nodes NUM_NODES] [--node_rank NODE_RANK]
                      [--dist_url DIST_URL] [--dist_backend DIST_BACKEND]
                      [--root ROOT] [--random_state RANDOM_STATE]
                      [--val_ratio VAL_RATIO]
                      [--use_case_split USE_CASE_SPLIT]
                      [--cipa_aligned CIPA_ALIGNED]
                      [--image_size_2d IMAGE_SIZE_2D]
                      [--num_workers NUM_WORKERS] [--pin_memory PIN_MEMORY]
                      [--aug_mode {cipa,light,none}]
                      [--norm_mode {imagenet,cipa}] [--backbone BACKBONE]
                      [--pretrained_path PRETRAINED_PATH]
                      [--model_arch {dual,hetero_convnext_mit}]
                      [--ct_backbone CT_BACKBONE]
                      [--pet_backbone PET_BACKBONE]
                      [--ct_pretrained_path CT_PRETRAINED_PATH]
                      [--pet_pretrained_path PET_PRETRAINED_PATH]
                      [--fusion_channels FUSION_CHANNELS [FUSION_CHANNELS ...]]
                      [--use_tcpm USE_TCPM]
                      [--fusion_type {auto,sum,concat,cudm_text,pet_window_wavelet,fnet_sparse,heccm_all,edl_gcm_plus,edl_gcm_plus_ct,edl_spmc_s3,spgc_s12,spgc_s12_edl_spmc_s3}]
                      [--fnet_sparse_hidden_ratio FNET_SPARSE_HIDDEN_RATIO]
                      [--fnet_sparse_max_hidden FNET_SPARSE_MAX_HIDDEN]
                      [--fnet_sparse_iters FNET_SPARSE_ITERS]
                      [--fnet_sparse_init_gamma FNET_SPARSE_INIT_GAMMA]
                      [--wavelet_window_sizes WAVELET_WINDOW_SIZES [WAVELET_WINDOW_SIZES ...]]
                      [--wavelet_heads WAVELET_HEADS [WAVELET_HEADS ...]]
                      [--wavelet_sr_ratios WAVELET_SR_RATIOS [WAVELET_SR_RATIOS ...]]
                      [--wavelet_attn_ratio WAVELET_ATTN_RATIO]
                      [--wavelet_conv_ratio WAVELET_CONV_RATIO]
                      [--decoder_type {attention,light,nnunet,text_guided_light}]
                      [--use_adc_mac USE_ADC_MAC]
                      [--freeze_non_adc FREEZE_NON_ADC] [--epochs EPOCHS]
                      [--batch_size BATCH_SIZE]
                      [--accumulation_steps ACCUMULATION_STEPS]
                      [--optimizer {sgd,adamw}]
                      [--learning_rate LEARNING_RATE]
                      [--decoder_lr DECODER_LR] [--weight_decay WEIGHT_DECAY]
                      [--cosine_warmup COSINE_WARMUP]
                      [--cosine_min_lr COSINE_MIN_LR]
                      [--mixed_precision MIXED_PRECISION]
                      [--vis_every_epoch VIS_EVERY_EPOCH]
                      [--vis_epoch_samples VIS_EPOCH_SAMPLES]
                      [--early_stop_patience EARLY_STOP_PATIENCE]
                      [--eval_threshold EVAL_THRESHOLD]
                      [--grad_clip GRAD_CLIP] [--lr_find_start LR_FIND_START]
                      [--lr_find_end LR_FIND_END]
                      [--lr_find_num_iter LR_FIND_NUM_ITER]
                      [--lr_find_stop_factor LR_FIND_STOP_FACTOR]
                      [--checkpoint_root CHECKPOINT_ROOT]
                      [--save_every SAVE_EVERY] [--enable_wandb ENABLE_WANDB]
                      [--loss_smooth LOSS_SMOOTH] [--bce_weight BCE_WEIGHT]
                      [--dice_weight DICE_WEIGHT] [--pos_weight POS_WEIGHT]
                      [--deep_supervision DEEP_SUPERVISION]
                      [--deep_supervision_weights DEEP_SUPERVISION_WEIGHTS [DEEP_SUPERVISION_WEIGHTS ...]]
                      [--cudm_tumor_weight CUDM_TUMOR_WEIGHT]
                      [--cudm_bg_weight CUDM_BG_WEIGHT]
                      [--cudm_orth_weight CUDM_ORTH_WEIGHT]
                      [--cudm_loss_start_stage CUDM_LOSS_START_STAGE]
                      [--fnet_aux_recon_weight FNET_AUX_RECON_WEIGHT]
                      [--fnet_aux_sparse_weight FNET_AUX_SPARSE_WEIGHT]
                      [--fnet_aux_decor_weight FNET_AUX_DECOR_WEIGHT]
                      [--fnet_aux_edge_weight FNET_AUX_EDGE_WEIGHT]
                      [--lr_flat_ratio LR_FLAT_RATIO]
run_mdt_seg.py: error: unrecognized arguments: --_task convnext_tiny_ct_mit_b0_pet_proj_sum_light
