GPU=0 backbone=convnextv2_femto single_modality=False
lr=0.00012 wd=0.0005 bs=16
[CIPA对齐] 训练(complete配对): 17416  测试/验证: 4514
  ← 对比 CIPA: train.txt 全量用于训练, test.txt 既做 early stop 也是最终报告
  ← 数据增强: 固定轻量增强
  ← CT/PET归一化: /255 + ImageNet 标准化
[-] Teacher_CT_Encoder: Path not found none. Training from scratch.
[-] Teacher_PET_Encoder: Path not found none. Training from scratch.

============================== MODEL PROFILE ==============================
[INFO] Register count_convNd() for <class 'torch.nn.modules.conv.Conv2d'>.
[INFO] Register zero_ops() for <class 'torch.nn.modules.dropout.Dropout'>.
[INFO] Register zero_ops() for <class 'torch.nn.modules.container.Sequential'>.
[INFO] Register count_normalization() for <class 'torch.nn.modules.batchnorm.BatchNorm2d'>.
[INFO] Register zero_ops() for <class 'torch.nn.modules.activation.ReLU'>.
[teacher_baseline] Params: 13.06M  FLOPs: 15.62G
===========================================================================

  Ep1[50/1088] loss=1.5011 seg=1.5011 lr=0.000002
  Ep1[100/1088] loss=1.4291 seg=1.4291 lr=0.000004
  Ep1[150/1088] loss=1.3605 seg=1.3605 lr=0.000006
  Ep1[200/1088] loss=1.3208 seg=1.3208 lr=0.000007
  Ep1[250/1088] loss=1.2989 seg=1.2989 lr=0.000009
  Ep1[300/1088] loss=1.2905 seg=1.2905 lr=0.000011
  Ep1[350/1088] loss=1.2725 seg=1.2725 lr=0.000013
  Ep1[400/1088] loss=1.2642 seg=1.2642 lr=0.000015
  Ep1[450/1088] loss=1.2548 seg=1.2548 lr=0.000017
  Ep1[500/1088] loss=1.2466 seg=1.2466 lr=0.000018
  Ep1[550/1088] loss=1.2464 seg=1.2464 lr=0.000020
  Ep1[600/1088] loss=1.2348 seg=1.2348 lr=0.000022
  Ep1[650/1088] loss=1.2262 seg=1.2262 lr=0.000024
  Ep1[700/1088] loss=1.2288 seg=1.2288 lr=0.000026
  Ep1[750/1088] loss=1.2108 seg=1.2108 lr=0.000028
  Ep1[800/1088] loss=1.2085 seg=1.2085 lr=0.000029
  Ep1[850/1088] loss=1.1986 seg=1.1986 lr=0.000031
  Ep1[900/1088] loss=1.2126 seg=1.2126 lr=0.000033
  Ep1[950/1088] loss=1.1800 seg=1.1800 lr=0.000035
  Ep1[1000/1088] loss=1.1799 seg=1.1799 lr=0.000037
  Ep1[1050/1088] loss=1.1655 seg=1.1655 lr=0.000039
/root/miniconda3/lib/python3.8/site-packages/torch/autograd/__init__.py:200: UserWarning: upsample_bilinear2d_backward_out_cuda does not have a deterministic implementation, but you set 'torch.use_deterministic_algorithms(True, warn_only=True)'. You can file an issue at https://github.com/pytorch/pytorch/issues to help us prioritize adding deterministic support for this operation. (Triggered internally at ../aten/src/ATen/Context.cpp:71.)
  Variable._execution_engine.run_backward(  # Calls into the C++ engine to run the backward pass
Epoch 1 loss=1.2665 Dice=0.5271 IoU=0.3579 HD95=48.41
[vis_teacher] saved 2 diagnostics to ./checkpoints_new/MDT/2026-06-03_21-02-58/vis_epochs/epoch_001
Saved: ./checkpoints_new/MDT/2026-06-03_21-02-58/ckpt.best.pth.tar
Saved: ./checkpoints_new/MDT/2026-06-03_21-02-58/ckpt.best_dice.pth.tar
Saved: ./checkpoints_new/MDT/2026-06-03_21-02-58/ckpt.best_hd95.pth.tar
  Ep2[50/1088] loss=1.1534 seg=1.1534 lr=0.000042
  Ep2[100/1088] loss=1.1543 seg=1.1543 lr=0.000044
  Ep2[150/1088] loss=1.1405 seg=1.1405 lr=0.000046
  Ep2[200/1088] loss=1.1156 seg=1.1156 lr=0.000047
  Ep2[250/1088] loss=1.1120 seg=1.1120 lr=0.000049
  Ep2[300/1088] loss=1.1135 seg=1.1135 lr=0.000051
  Ep2[350/1088] loss=1.0945 seg=1.0945 lr=0.000053
  Ep2[400/1088] loss=1.1042 seg=1.1042 lr=0.000055
  Ep2[450/1088] loss=1.0963 seg=1.0963 lr=0.000057
  Ep2[500/1088] loss=1.0806 seg=1.0806 lr=0.000058
  Ep2[550/1088] loss=1.0617 seg=1.0617 lr=0.000060
  Ep2[600/1088] loss=1.0519 seg=1.0519 lr=0.000062
  Ep2[650/1088] loss=1.0543 seg=1.0543 lr=0.000064
  Ep2[700/1088] loss=1.0460 seg=1.0460 lr=0.000066
  Ep2[750/1088] loss=1.0127 seg=1.0127 lr=0.000068
  Ep2[800/1088] loss=1.0367 seg=1.0367 lr=0.000069
  Ep2[850/1088] loss=1.0390 seg=1.0390 lr=0.000071
  Ep2[900/1088] loss=1.0273 seg=1.0273 lr=0.000073
  Ep2[950/1088] loss=1.0229 seg=1.0229 lr=0.000075
  Ep2[1000/1088] loss=0.9924 seg=0.9924 lr=0.000077
  Ep2[1050/1088] loss=0.9818 seg=0.9818 lr=0.000079
/root/miniconda3/lib/python3.8/site-packages/torch/autograd/__init__.py:200: UserWarning: upsample_bilinear2d_backward_out_cuda does not have a deterministic implementation, but you set 'torch.use_deterministic_algorithms(True, warn_only=True)'. You can file an issue at https://github.com/pytorch/pytorch/issues to help us prioritize adding deterministic support for this operation. (Triggered internally at ../aten/src/ATen/Context.cpp:71.)
  Variable._execution_engine.run_backward(  # Calls into the C++ engine to run the backward pass
Epoch 2 loss=1.0709 Dice=0.6061 IoU=0.4348 HD95=41.27
[vis_teacher] saved 2 diagnostics to ./checkpoints_new/MDT/2026-06-03_21-02-58/vis_epochs/epoch_002
Saved: ./checkpoints_new/MDT/2026-06-03_21-02-58/ckpt.best.pth.tar
Saved: ./checkpoints_new/MDT/2026-06-03_21-02-58/ckpt.best_dice.pth.tar
Saved: ./checkpoints_new/MDT/2026-06-03_21-02-58/ckpt.best_hd95.pth.tar
